Archive member included to satisfy reference by file (symbol)

C:/Espressif/tools/riscv32-esp-elf/esp-13.2.0_20240530/riscv32-esp-elf/bin/../lib/gcc/riscv32-esp-elf/13.2.0/rv32imc_zicsr_zifencei/ilp32\libgcc.a(muldf3.o)
                              CMakeFiles/ulp_app.dir/C_/Users/moham/Habibi_Hardware/Habibi_Hardware/main/ULP/ulp_main.c.obj (__muldf3)
C:/Espressif/tools/riscv32-esp-elf/esp-13.2.0_20240530/riscv32-esp-elf/bin/../lib/gcc/riscv32-esp-elf/13.2.0/rv32imc_zicsr_zifencei/ilp32\libgcc.a(fixunsdfsi.o)
                              CMakeFiles/ulp_app.dir/C_/Users/moham/Habibi_Hardware/Habibi_Hardware/main/ULP/ulp_main.c.obj (__fixunsdfsi)
C:/Espressif/tools/riscv32-esp-elf/esp-13.2.0_20240530/riscv32-esp-elf/bin/../lib/gcc/riscv32-esp-elf/13.2.0/rv32imc_zicsr_zifencei/ilp32\libgcc.a(floatunsidf.o)
                              CMakeFiles/ulp_app.dir/C_/Users/moham/Habibi_Hardware/Habibi_Hardware/main/ULP/ulp_main.c.obj (__floatunsidf)
C:/Espressif/tools/riscv32-esp-elf/esp-13.2.0_20240530/riscv32-esp-elf/bin/../lib/gcc/riscv32-esp-elf/13.2.0/rv32imc_zicsr_zifencei/ilp32\libgcc.a(_clzsi2.o)
                              C:/Espressif/tools/riscv32-esp-elf/esp-13.2.0_20240530/riscv32-esp-elf/bin/../lib/gcc/riscv32-esp-elf/13.2.0/rv32imc_zicsr_zifencei/ilp32\libgcc.a(muldf3.o) (__clzsi2)
C:/Espressif/tools/riscv32-esp-elf/esp-13.2.0_20240530/riscv32-esp-elf/bin/../lib/gcc/riscv32-esp-elf/13.2.0/rv32imc_zicsr_zifencei/ilp32\libgcc.a(_clz.o)
                              C:/Espressif/tools/riscv32-esp-elf/esp-13.2.0_20240530/riscv32-esp-elf/bin/../lib/gcc/riscv32-esp-elf/13.2.0/rv32imc_zicsr_zifencei/ilp32\libgcc.a(_clzsi2.o) (__clz_tab)

Discarded input sections

 .text          0x00000000        0x0 CMakeFiles/ulp_app.dir/C_/Users/moham/Habibi_Hardware/Habibi_Hardware/main/ULP/ulp_main.c.obj
 .data          0x00000000        0x0 CMakeFiles/ulp_app.dir/C_/Users/moham/Habibi_Hardware/Habibi_Hardware/main/ULP/ulp_main.c.obj
 .bss           0x00000000        0x0 CMakeFiles/ulp_app.dir/C_/Users/moham/Habibi_Hardware/Habibi_Hardware/main/ULP/ulp_main.c.obj
 .text          0x00000000        0x0 CMakeFiles/ulp_app.dir/C_/Espressif/frameworks/esp-idf-v5.3.1/components/ulp/ulp_riscv/ulp_core/ulp_riscv_vectors.S.obj
 .data          0x00000000        0x0 CMakeFiles/ulp_app.dir/C_/Espressif/frameworks/esp-idf-v5.3.1/components/ulp/ulp_riscv/ulp_core/ulp_riscv_vectors.S.obj
 .bss           0x00000000        0x0 CMakeFiles/ulp_app.dir/C_/Espressif/frameworks/esp-idf-v5.3.1/components/ulp/ulp_riscv/ulp_core/ulp_riscv_vectors.S.obj
 .data          0x00000000        0x0 CMakeFiles/ulp_app.dir/C_/Espressif/frameworks/esp-idf-v5.3.1/components/ulp/ulp_riscv/ulp_core/start.S.obj
 .bss           0x00000000        0x0 CMakeFiles/ulp_app.dir/C_/Espressif/frameworks/esp-idf-v5.3.1/components/ulp/ulp_riscv/ulp_core/start.S.obj
 .text          0x00000000        0x0 CMakeFiles/ulp_app.dir/C_/Espressif/frameworks/esp-idf-v5.3.1/components/ulp/ulp_riscv/ulp_core/ulp_riscv_adc.c.obj
 .data          0x00000000        0x0 CMakeFiles/ulp_app.dir/C_/Espressif/frameworks/esp-idf-v5.3.1/components/ulp/ulp_riscv/ulp_core/ulp_riscv_adc.c.obj
 .bss           0x00000000        0x0 CMakeFiles/ulp_app.dir/C_/Espressif/frameworks/esp-idf-v5.3.1/components/ulp/ulp_riscv/ulp_core/ulp_riscv_adc.c.obj
 .text.ulp_riscv_adc_read_channel
                0x00000000       0xae CMakeFiles/ulp_app.dir/C_/Espressif/frameworks/esp-idf-v5.3.1/components/ulp/ulp_riscv/ulp_core/ulp_riscv_adc.c.obj
 .comment       0x00000000       0x30 CMakeFiles/ulp_app.dir/C_/Espressif/frameworks/esp-idf-v5.3.1/components/ulp/ulp_riscv/ulp_core/ulp_riscv_adc.c.obj
 .riscv.attributes
                0x00000000       0x44 CMakeFiles/ulp_app.dir/C_/Espressif/frameworks/esp-idf-v5.3.1/components/ulp/ulp_riscv/ulp_core/ulp_riscv_adc.c.obj
 .text          0x00000000        0x0 CMakeFiles/ulp_app.dir/C_/Espressif/frameworks/esp-idf-v5.3.1/components/ulp/ulp_riscv/ulp_core/ulp_riscv_lock.c.obj
 .data          0x00000000        0x0 CMakeFiles/ulp_app.dir/C_/Espressif/frameworks/esp-idf-v5.3.1/components/ulp/ulp_riscv/ulp_core/ulp_riscv_lock.c.obj
 .bss           0x00000000        0x0 CMakeFiles/ulp_app.dir/C_/Espressif/frameworks/esp-idf-v5.3.1/components/ulp/ulp_riscv/ulp_core/ulp_riscv_lock.c.obj
 .text.ulp_riscv_lock_acquire
                0x00000000       0x16 CMakeFiles/ulp_app.dir/C_/Espressif/frameworks/esp-idf-v5.3.1/components/ulp/ulp_riscv/ulp_core/ulp_riscv_lock.c.obj
 .text.ulp_riscv_lock_release
                0x00000000        0x6 CMakeFiles/ulp_app.dir/C_/Espressif/frameworks/esp-idf-v5.3.1/components/ulp/ulp_riscv/ulp_core/ulp_riscv_lock.c.obj
 .comment       0x00000000       0x30 CMakeFiles/ulp_app.dir/C_/Espressif/frameworks/esp-idf-v5.3.1/components/ulp/ulp_riscv/ulp_core/ulp_riscv_lock.c.obj
 .riscv.attributes
                0x00000000       0x44 CMakeFiles/ulp_app.dir/C_/Espressif/frameworks/esp-idf-v5.3.1/components/ulp/ulp_riscv/ulp_core/ulp_riscv_lock.c.obj
 .text          0x00000000        0x0 CMakeFiles/ulp_app.dir/C_/Espressif/frameworks/esp-idf-v5.3.1/components/ulp/ulp_riscv/ulp_core/ulp_riscv_uart.c.obj
 .data          0x00000000        0x0 CMakeFiles/ulp_app.dir/C_/Espressif/frameworks/esp-idf-v5.3.1/components/ulp/ulp_riscv/ulp_core/ulp_riscv_uart.c.obj
 .bss           0x00000000        0x0 CMakeFiles/ulp_app.dir/C_/Espressif/frameworks/esp-idf-v5.3.1/components/ulp/ulp_riscv/ulp_core/ulp_riscv_uart.c.obj
 .text.ulp_riscv_delay_cycles
                0x00000000       0x12 CMakeFiles/ulp_app.dir/C_/Espressif/frameworks/esp-idf-v5.3.1/components/ulp/ulp_riscv/ulp_core/ulp_riscv_uart.c.obj
 .text.ulp_riscv_gpio_output_level.part.0
                0x00000000       0x1a CMakeFiles/ulp_app.dir/C_/Espressif/frameworks/esp-idf-v5.3.1/components/ulp/ulp_riscv/ulp_core/ulp_riscv_uart.c.obj
 .text.ulp_riscv_uart_init
                0x00000000       0xae CMakeFiles/ulp_app.dir/C_/Espressif/frameworks/esp-idf-v5.3.1/components/ulp/ulp_riscv/ulp_core/ulp_riscv_uart.c.obj
 .text.ulp_riscv_uart_putc
                0x00000000       0x9e CMakeFiles/ulp_app.dir/C_/Espressif/frameworks/esp-idf-v5.3.1/components/ulp/ulp_riscv/ulp_core/ulp_riscv_uart.c.obj
 .comment       0x00000000       0x30 CMakeFiles/ulp_app.dir/C_/Espressif/frameworks/esp-idf-v5.3.1/components/ulp/ulp_riscv/ulp_core/ulp_riscv_uart.c.obj
 .riscv.attributes
                0x00000000       0x44 CMakeFiles/ulp_app.dir/C_/Espressif/frameworks/esp-idf-v5.3.1/components/ulp/ulp_riscv/ulp_core/ulp_riscv_uart.c.obj
 .text          0x00000000        0x0 CMakeFiles/ulp_app.dir/C_/Espressif/frameworks/esp-idf-v5.3.1/components/ulp/ulp_riscv/ulp_core/ulp_riscv_print.c.obj
 .data          0x00000000        0x0 CMakeFiles/ulp_app.dir/C_/Espressif/frameworks/esp-idf-v5.3.1/components/ulp/ulp_riscv/ulp_core/ulp_riscv_print.c.obj
 .bss           0x00000000        0x0 CMakeFiles/ulp_app.dir/C_/Espressif/frameworks/esp-idf-v5.3.1/components/ulp/ulp_riscv/ulp_core/ulp_riscv_print.c.obj
 .text.ulp_riscv_print_install
                0x00000000        0xe CMakeFiles/ulp_app.dir/C_/Espressif/frameworks/esp-idf-v5.3.1/components/ulp/ulp_riscv/ulp_core/ulp_riscv_print.c.obj
 .text.ulp_riscv_print_str
                0x00000000       0x34 CMakeFiles/ulp_app.dir/C_/Espressif/frameworks/esp-idf-v5.3.1/components/ulp/ulp_riscv/ulp_core/ulp_riscv_print.c.obj
 .text.ulp_riscv_print_hex
                0x00000000       0x50 CMakeFiles/ulp_app.dir/C_/Espressif/frameworks/esp-idf-v5.3.1/components/ulp/ulp_riscv/ulp_core/ulp_riscv_print.c.obj
 .text.ulp_riscv_print_hex_with_number_of_digits
                0x00000000       0x8a CMakeFiles/ulp_app.dir/C_/Espressif/frameworks/esp-idf-v5.3.1/components/ulp/ulp_riscv/ulp_core/ulp_riscv_print.c.obj
 .sbss.s_print_ctx
                0x00000000        0x8 CMakeFiles/ulp_app.dir/C_/Espressif/frameworks/esp-idf-v5.3.1/components/ulp/ulp_riscv/ulp_core/ulp_riscv_print.c.obj
 .comment       0x00000000       0x30 CMakeFiles/ulp_app.dir/C_/Espressif/frameworks/esp-idf-v5.3.1/components/ulp/ulp_riscv/ulp_core/ulp_riscv_print.c.obj
 .riscv.attributes
                0x00000000       0x44 CMakeFiles/ulp_app.dir/C_/Espressif/frameworks/esp-idf-v5.3.1/components/ulp/ulp_riscv/ulp_core/ulp_riscv_print.c.obj
 .text          0x00000000        0x0 CMakeFiles/ulp_app.dir/C_/Espressif/frameworks/esp-idf-v5.3.1/components/ulp/ulp_riscv/ulp_core/ulp_riscv_i2c.c.obj
 .data          0x00000000        0x0 CMakeFiles/ulp_app.dir/C_/Espressif/frameworks/esp-idf-v5.3.1/components/ulp/ulp_riscv/ulp_core/ulp_riscv_i2c.c.obj
 .bss           0x00000000        0x0 CMakeFiles/ulp_app.dir/C_/Espressif/frameworks/esp-idf-v5.3.1/components/ulp/ulp_riscv/ulp_core/ulp_riscv_i2c.c.obj
 .text.ulp_riscv_i2c_wait_for_interrupt.constprop.0
                0x00000000       0x32 CMakeFiles/ulp_app.dir/C_/Espressif/frameworks/esp-idf-v5.3.1/components/ulp/ulp_riscv/ulp_core/ulp_riscv_i2c.c.obj
 .text.ulp_riscv_i2c_master_set_slave_addr
                0x00000000       0x1a CMakeFiles/ulp_app.dir/C_/Espressif/frameworks/esp-idf-v5.3.1/components/ulp/ulp_riscv/ulp_core/ulp_riscv_i2c.c.obj
 .text.ulp_riscv_i2c_master_set_slave_reg_addr
                0x00000000       0x20 CMakeFiles/ulp_app.dir/C_/Espressif/frameworks/esp-idf-v5.3.1/components/ulp/ulp_riscv/ulp_core/ulp_riscv_i2c.c.obj
 .text.ulp_riscv_i2c_master_read_from_device
                0x00000000      0x152 CMakeFiles/ulp_app.dir/C_/Espressif/frameworks/esp-idf-v5.3.1/components/ulp/ulp_riscv/ulp_core/ulp_riscv_i2c.c.obj
 .text.ulp_riscv_i2c_master_write_to_device
                0x00000000      0x10e CMakeFiles/ulp_app.dir/C_/Espressif/frameworks/esp-idf-v5.3.1/components/ulp/ulp_riscv/ulp_core/ulp_riscv_i2c.c.obj
 .comment       0x00000000       0x30 CMakeFiles/ulp_app.dir/C_/Espressif/frameworks/esp-idf-v5.3.1/components/ulp/ulp_riscv/ulp_core/ulp_riscv_i2c.c.obj
 .riscv.attributes
                0x00000000       0x44 CMakeFiles/ulp_app.dir/C_/Espressif/frameworks/esp-idf-v5.3.1/components/ulp/ulp_riscv/ulp_core/ulp_riscv_i2c.c.obj
 .text          0x00000000        0x0 CMakeFiles/ulp_app.dir/C_/Espressif/frameworks/esp-idf-v5.3.1/components/ulp/ulp_riscv/ulp_core/ulp_riscv_utils.c.obj
 .data          0x00000000        0x0 CMakeFiles/ulp_app.dir/C_/Espressif/frameworks/esp-idf-v5.3.1/components/ulp/ulp_riscv/ulp_core/ulp_riscv_utils.c.obj
 .bss           0x00000000        0x0 CMakeFiles/ulp_app.dir/C_/Espressif/frameworks/esp-idf-v5.3.1/components/ulp/ulp_riscv/ulp_core/ulp_riscv_utils.c.obj
 .text.ulp_riscv_timer_stop
                0x00000000       0x10 CMakeFiles/ulp_app.dir/C_/Espressif/frameworks/esp-idf-v5.3.1/components/ulp/ulp_riscv/ulp_core/ulp_riscv_utils.c.obj
 .text.ulp_riscv_timer_resume
                0x00000000       0x12 CMakeFiles/ulp_app.dir/C_/Espressif/frameworks/esp-idf-v5.3.1/components/ulp/ulp_riscv/ulp_core/ulp_riscv_utils.c.obj
 .text.ulp_riscv_gpio_wakeup_clear
                0x00000000       0x12 CMakeFiles/ulp_app.dir/C_/Espressif/frameworks/esp-idf-v5.3.1/components/ulp/ulp_riscv/ulp_core/ulp_riscv_utils.c.obj
 .text          0x00000000        0x0 CMakeFiles/ulp_app.dir/C_/Espressif/frameworks/esp-idf-v5.3.1/components/ulp/ulp_riscv/ulp_core/ulp_riscv_touch.c.obj
 .data          0x00000000        0x0 CMakeFiles/ulp_app.dir/C_/Espressif/frameworks/esp-idf-v5.3.1/components/ulp/ulp_riscv/ulp_core/ulp_riscv_touch.c.obj
 .bss           0x00000000        0x0 CMakeFiles/ulp_app.dir/C_/Espressif/frameworks/esp-idf-v5.3.1/components/ulp/ulp_riscv/ulp_core/ulp_riscv_touch.c.obj
 .text.ulp_riscv_touch_pad_read_raw_data
                0x00000000       0x40 CMakeFiles/ulp_app.dir/C_/Espressif/frameworks/esp-idf-v5.3.1/components/ulp/ulp_riscv/ulp_core/ulp_riscv_touch.c.obj
 .text.ulp_riscv_touch_pad_read_benchmark
                0x00000000       0x46 CMakeFiles/ulp_app.dir/C_/Espressif/frameworks/esp-idf-v5.3.1/components/ulp/ulp_riscv/ulp_core/ulp_riscv_touch.c.obj
 .text.ulp_riscv_touch_pad_filter_read_smooth
                0x00000000       0x3e CMakeFiles/ulp_app.dir/C_/Espressif/frameworks/esp-idf-v5.3.1/components/ulp/ulp_riscv/ulp_core/ulp_riscv_touch.c.obj
 .text.ulp_riscv_touch_pad_reset_benchmark
                0x00000000       0x44 CMakeFiles/ulp_app.dir/C_/Espressif/frameworks/esp-idf-v5.3.1/components/ulp/ulp_riscv/ulp_core/ulp_riscv_touch.c.obj
 .text.ulp_riscv_touch_pad_sleep_channel_read_data
                0x00000000       0x4c CMakeFiles/ulp_app.dir/C_/Espressif/frameworks/esp-idf-v5.3.1/components/ulp/ulp_riscv/ulp_core/ulp_riscv_touch.c.obj
 .text.ulp_riscv_touch_pad_sleep_channel_read_benchmark
                0x00000000       0x3e CMakeFiles/ulp_app.dir/C_/Espressif/frameworks/esp-idf-v5.3.1/components/ulp/ulp_riscv/ulp_core/ulp_riscv_touch.c.obj
 .text.ulp_riscv_touch_pad_sleep_channel_read_smooth
                0x00000000       0x36 CMakeFiles/ulp_app.dir/C_/Espressif/frameworks/esp-idf-v5.3.1/components/ulp/ulp_riscv/ulp_core/ulp_riscv_touch.c.obj
 .text.ulp_riscv_touch_pad_sleep_channel_reset_benchmark
                0x00000000       0x1a CMakeFiles/ulp_app.dir/C_/Espressif/frameworks/esp-idf-v5.3.1/components/ulp/ulp_riscv/ulp_core/ulp_riscv_touch.c.obj
 .comment       0x00000000       0x30 CMakeFiles/ulp_app.dir/C_/Espressif/frameworks/esp-idf-v5.3.1/components/ulp/ulp_riscv/ulp_core/ulp_riscv_touch.c.obj
 .riscv.attributes
                0x00000000       0x44 CMakeFiles/ulp_app.dir/C_/Espressif/frameworks/esp-idf-v5.3.1/components/ulp/ulp_riscv/ulp_core/ulp_riscv_touch.c.obj
 .text          0x00000000        0x0 CMakeFiles/ulp_app.dir/C_/Espressif/frameworks/esp-idf-v5.3.1/components/ulp/ulp_riscv/ulp_core/ulp_riscv_gpio.c.obj
 .data          0x00000000        0x0 CMakeFiles/ulp_app.dir/C_/Espressif/frameworks/esp-idf-v5.3.1/components/ulp/ulp_riscv/ulp_core/ulp_riscv_gpio.c.obj
 .bss           0x00000000        0x0 CMakeFiles/ulp_app.dir/C_/Espressif/frameworks/esp-idf-v5.3.1/components/ulp/ulp_riscv/ulp_core/ulp_riscv_gpio.c.obj
 .comment       0x00000000       0x30 CMakeFiles/ulp_app.dir/C_/Espressif/frameworks/esp-idf-v5.3.1/components/ulp/ulp_riscv/ulp_core/ulp_riscv_gpio.c.obj
 .riscv.attributes
                0x00000000       0x44 CMakeFiles/ulp_app.dir/C_/Espressif/frameworks/esp-idf-v5.3.1/components/ulp/ulp_riscv/ulp_core/ulp_riscv_gpio.c.obj
 .text          0x00000000        0x0 CMakeFiles/ulp_app.dir/C_/Espressif/frameworks/esp-idf-v5.3.1/components/ulp/ulp_riscv/ulp_core/ulp_riscv_interrupt.c.obj
 .data          0x00000000        0x0 CMakeFiles/ulp_app.dir/C_/Espressif/frameworks/esp-idf-v5.3.1/components/ulp/ulp_riscv/ulp_core/ulp_riscv_interrupt.c.obj
 .bss           0x00000000        0x0 CMakeFiles/ulp_app.dir/C_/Espressif/frameworks/esp-idf-v5.3.1/components/ulp/ulp_riscv/ulp_core/ulp_riscv_interrupt.c.obj
 .comment       0x00000000       0x30 CMakeFiles/ulp_app.dir/C_/Espressif/frameworks/esp-idf-v5.3.1/components/ulp/ulp_riscv/ulp_core/ulp_riscv_interrupt.c.obj
 .riscv.attributes
                0x00000000       0x44 CMakeFiles/ulp_app.dir/C_/Espressif/frameworks/esp-idf-v5.3.1/components/ulp/ulp_riscv/ulp_core/ulp_riscv_interrupt.c.obj
 .data          0x00000000        0x0 C:/Espressif/tools/riscv32-esp-elf/esp-13.2.0_20240530/riscv32-esp-elf/bin/../lib/gcc/riscv32-esp-elf/13.2.0/rv32imc_zicsr_zifencei/ilp32\libgcc.a(muldf3.o)
 .bss           0x00000000        0x0 C:/Espressif/tools/riscv32-esp-elf/esp-13.2.0_20240530/riscv32-esp-elf/bin/../lib/gcc/riscv32-esp-elf/13.2.0/rv32imc_zicsr_zifencei/ilp32\libgcc.a(muldf3.o)
 .data          0x00000000        0x0 C:/Espressif/tools/riscv32-esp-elf/esp-13.2.0_20240530/riscv32-esp-elf/bin/../lib/gcc/riscv32-esp-elf/13.2.0/rv32imc_zicsr_zifencei/ilp32\libgcc.a(fixunsdfsi.o)
 .bss           0x00000000        0x0 C:/Espressif/tools/riscv32-esp-elf/esp-13.2.0_20240530/riscv32-esp-elf/bin/../lib/gcc/riscv32-esp-elf/13.2.0/rv32imc_zicsr_zifencei/ilp32\libgcc.a(fixunsdfsi.o)
 .data          0x00000000        0x0 C:/Espressif/tools/riscv32-esp-elf/esp-13.2.0_20240530/riscv32-esp-elf/bin/../lib/gcc/riscv32-esp-elf/13.2.0/rv32imc_zicsr_zifencei/ilp32\libgcc.a(floatunsidf.o)
 .bss           0x00000000        0x0 C:/Espressif/tools/riscv32-esp-elf/esp-13.2.0_20240530/riscv32-esp-elf/bin/../lib/gcc/riscv32-esp-elf/13.2.0/rv32imc_zicsr_zifencei/ilp32\libgcc.a(floatunsidf.o)
 .data          0x00000000        0x0 C:/Espressif/tools/riscv32-esp-elf/esp-13.2.0_20240530/riscv32-esp-elf/bin/../lib/gcc/riscv32-esp-elf/13.2.0/rv32imc_zicsr_zifencei/ilp32\libgcc.a(_clzsi2.o)
 .bss           0x00000000        0x0 C:/Espressif/tools/riscv32-esp-elf/esp-13.2.0_20240530/riscv32-esp-elf/bin/../lib/gcc/riscv32-esp-elf/13.2.0/rv32imc_zicsr_zifencei/ilp32\libgcc.a(_clzsi2.o)
 .text          0x00000000        0x0 C:/Espressif/tools/riscv32-esp-elf/esp-13.2.0_20240530/riscv32-esp-elf/bin/../lib/gcc/riscv32-esp-elf/13.2.0/rv32imc_zicsr_zifencei/ilp32\libgcc.a(_clz.o)
 .data          0x00000000        0x0 C:/Espressif/tools/riscv32-esp-elf/esp-13.2.0_20240530/riscv32-esp-elf/bin/../lib/gcc/riscv32-esp-elf/13.2.0/rv32imc_zicsr_zifencei/ilp32\libgcc.a(_clz.o)
 .bss           0x00000000        0x0 C:/Espressif/tools/riscv32-esp-elf/esp-13.2.0_20240530/riscv32-esp-elf/bin/../lib/gcc/riscv32-esp-elf/13.2.0/rv32imc_zicsr_zifencei/ilp32\libgcc.a(_clz.o)

Memory Configuration

Name             Origin             Length             Attributes
ram              0x00000000         0x00001000         rw
*default*        0x00000000         0xffffffff

Linker script and memory map

LOAD C:/Espressif/frameworks/esp-idf-v5.3.1/components/ulp/ld/esp32s3.peripherals.ld
                0x00008000                        PROVIDE (RTCCNTL = 0x8000)
                [!provide]                        PROVIDE (RTCIO = 0xa400)
                0x0000c800                        PROVIDE (SENS = 0xc800)
                [!provide]                        PROVIDE (RTC_I2C = 0xec00)
LOAD CMakeFiles/ulp_app.dir/C_/Users/moham/Habibi_Hardware/Habibi_Hardware/main/ULP/ulp_main.c.obj
LOAD CMakeFiles/ulp_app.dir/C_/Espressif/frameworks/esp-idf-v5.3.1/components/ulp/ulp_riscv/ulp_core/ulp_riscv_vectors.S.obj
LOAD CMakeFiles/ulp_app.dir/C_/Espressif/frameworks/esp-idf-v5.3.1/components/ulp/ulp_riscv/ulp_core/start.S.obj
LOAD CMakeFiles/ulp_app.dir/C_/Espressif/frameworks/esp-idf-v5.3.1/components/ulp/ulp_riscv/ulp_core/ulp_riscv_adc.c.obj
LOAD CMakeFiles/ulp_app.dir/C_/Espressif/frameworks/esp-idf-v5.3.1/components/ulp/ulp_riscv/ulp_core/ulp_riscv_lock.c.obj
LOAD CMakeFiles/ulp_app.dir/C_/Espressif/frameworks/esp-idf-v5.3.1/components/ulp/ulp_riscv/ulp_core/ulp_riscv_uart.c.obj
LOAD CMakeFiles/ulp_app.dir/C_/Espressif/frameworks/esp-idf-v5.3.1/components/ulp/ulp_riscv/ulp_core/ulp_riscv_print.c.obj
LOAD CMakeFiles/ulp_app.dir/C_/Espressif/frameworks/esp-idf-v5.3.1/components/ulp/ulp_riscv/ulp_core/ulp_riscv_i2c.c.obj
LOAD CMakeFiles/ulp_app.dir/C_/Espressif/frameworks/esp-idf-v5.3.1/components/ulp/ulp_riscv/ulp_core/ulp_riscv_utils.c.obj
LOAD CMakeFiles/ulp_app.dir/C_/Espressif/frameworks/esp-idf-v5.3.1/components/ulp/ulp_riscv/ulp_core/ulp_riscv_touch.c.obj
LOAD CMakeFiles/ulp_app.dir/C_/Espressif/frameworks/esp-idf-v5.3.1/components/ulp/ulp_riscv/ulp_core/ulp_riscv_gpio.c.obj
LOAD CMakeFiles/ulp_app.dir/C_/Espressif/frameworks/esp-idf-v5.3.1/components/ulp/ulp_riscv/ulp_core/ulp_riscv_interrupt.c.obj
LOAD C:/Espressif/tools/riscv32-esp-elf/esp-13.2.0_20240530/riscv32-esp-elf/bin/../lib/gcc/riscv32-esp-elf/13.2.0/rv32imc_zicsr_zifencei/ilp32\libgcc.a
LOAD C:/Espressif/tools/riscv32-esp-elf/esp-13.2.0_20240530/riscv32-esp-elf/bin/../lib/gcc/riscv32-esp-elf/13.2.0/../../../../riscv32-esp-elf/lib/rv32imc_zicsr_zifencei/ilp32\libc_nano.a
LOAD C:/Espressif/tools/riscv32-esp-elf/esp-13.2.0_20240530/riscv32-esp-elf/bin/../lib/gcc/riscv32-esp-elf/13.2.0/rv32imc_zicsr_zifencei/ilp32\libgcc.a
START GROUP
LOAD C:/Espressif/tools/riscv32-esp-elf/esp-13.2.0_20240530/riscv32-esp-elf/bin/../lib/gcc/riscv32-esp-elf/13.2.0/rv32imc_zicsr_zifencei/ilp32\libgcc.a
LOAD C:/Espressif/tools/riscv32-esp-elf/esp-13.2.0_20240530/riscv32-esp-elf/bin/../lib/gcc/riscv32-esp-elf/13.2.0/../../../../riscv32-esp-elf/lib/rv32imc_zicsr_zifencei/ilp32\libc_nano.a
LOAD C:/Espressif/tools/riscv32-esp-elf/esp-13.2.0_20240530/riscv32-esp-elf/bin/../lib/gcc/riscv32-esp-elf/13.2.0/../../../../riscv32-esp-elf/lib/rv32imc_zicsr_zifencei/ilp32\libnosys.a
END GROUP
START GROUP
LOAD C:/Espressif/tools/riscv32-esp-elf/esp-13.2.0_20240530/riscv32-esp-elf/bin/../lib/gcc/riscv32-esp-elf/13.2.0/rv32imc_zicsr_zifencei/ilp32\libgcc.a
LOAD C:/Espressif/tools/riscv32-esp-elf/esp-13.2.0_20240530/riscv32-esp-elf/bin/../lib/gcc/riscv32-esp-elf/13.2.0/../../../../riscv32-esp-elf/lib/rv32imc_zicsr_zifencei/ilp32\libc_nano.a
LOAD C:/Espressif/tools/riscv32-esp-elf/esp-13.2.0_20240530/riscv32-esp-elf/bin/../lib/gcc/riscv32-esp-elf/13.2.0/../../../../riscv32-esp-elf/lib/rv32imc_zicsr_zifencei/ilp32\libnosys.a
END GROUP
                0x00000000                        . = ORIGIN (ram)

.text           0x00000000      0x7e4
 *ulp_riscv_vectors.S.obj(.text.vectors)
 .text.vectors  0x00000000        0x4 CMakeFiles/ulp_app.dir/C_/Espressif/frameworks/esp-idf-v5.3.1/components/ulp/ulp_riscv/ulp_core/ulp_riscv_vectors.S.obj
                0x00000000                reset_vector
 *(.text)
 .text          0x00000004       0x14 CMakeFiles/ulp_app.dir/C_/Espressif/frameworks/esp-idf-v5.3.1/components/ulp/ulp_riscv/ulp_core/start.S.obj
                0x00000004                __start
 .text          0x00000018      0x462 C:/Espressif/tools/riscv32-esp-elf/esp-13.2.0_20240530/riscv32-esp-elf/bin/../lib/gcc/riscv32-esp-elf/13.2.0/rv32imc_zicsr_zifencei/ilp32\libgcc.a(muldf3.o)
                0x00000018                __muldf3
 .text          0x0000047a       0x64 C:/Espressif/tools/riscv32-esp-elf/esp-13.2.0_20240530/riscv32-esp-elf/bin/../lib/gcc/riscv32-esp-elf/13.2.0/rv32imc_zicsr_zifencei/ilp32\libgcc.a(fixunsdfsi.o)
                0x0000047a                __fixunsdfsi
 .text          0x000004de       0x4c C:/Espressif/tools/riscv32-esp-elf/esp-13.2.0_20240530/riscv32-esp-elf/bin/../lib/gcc/riscv32-esp-elf/13.2.0/rv32imc_zicsr_zifencei/ilp32\libgcc.a(floatunsidf.o)
                0x000004de                __floatunsidf
 .text          0x0000052a       0x3a C:/Espressif/tools/riscv32-esp-elf/esp-13.2.0_20240530/riscv32-esp-elf/bin/../lib/gcc/riscv32-esp-elf/13.2.0/rv32imc_zicsr_zifencei/ilp32\libgcc.a(_clzsi2.o)
                0x0000052a                __clzsi2
 *(.text*)
 .text.ulp_riscv_delay_cycles
                0x00000564       0x12 CMakeFiles/ulp_app.dir/C_/Users/moham/Habibi_Hardware/Habibi_Hardware/main/ULP/ulp_main.c.obj
 .text.startup.main
                0x00000576      0x22a CMakeFiles/ulp_app.dir/C_/Users/moham/Habibi_Hardware/Habibi_Hardware/main/ULP/ulp_main.c.obj
                0x00000576                main
 .text.ulp_riscv_rescue_from_monitor
                0x000007a0       0x14 CMakeFiles/ulp_app.dir/C_/Espressif/frameworks/esp-idf-v5.3.1/components/ulp/ulp_riscv/ulp_core/ulp_riscv_utils.c.obj
                0x000007a0                ulp_riscv_rescue_from_monitor
 .text.ulp_riscv_wakeup_main_processor
                0x000007b4        0xc CMakeFiles/ulp_app.dir/C_/Espressif/frameworks/esp-idf-v5.3.1/components/ulp/ulp_riscv/ulp_core/ulp_riscv_utils.c.obj
                0x000007b4                ulp_riscv_wakeup_main_processor
 .text.ulp_riscv_halt
                0x000007c0       0x24 CMakeFiles/ulp_app.dir/C_/Espressif/frameworks/esp-idf-v5.3.1/components/ulp/ulp_riscv/ulp_core/ulp_riscv_utils.c.obj
                0x000007c0                ulp_riscv_halt

.rodata         0x000007e4      0x100
 *(.rodata)
 .rodata        0x000007e4      0x100 C:/Espressif/tools/riscv32-esp-elf/esp-13.2.0_20240530/riscv32-esp-elf/bin/../lib/gcc/riscv32-esp-elf/13.2.0/rv32imc_zicsr_zifencei/ilp32\libgcc.a(_clz.o)
                0x000007e4                __clz_tab
 *(.rodata*)

.srodata.cst8   0x000008e8        0x8
 .srodata.cst8  0x000008e8        0x8 CMakeFiles/ulp_app.dir/C_/Users/moham/Habibi_Hardware/Habibi_Hardware/main/ULP/ulp_main.c.obj

.rela.dyn       0x000008f0        0x0
 .rela.text     0x000008f0        0x0 CMakeFiles/ulp_app.dir/C_/Users/moham/Habibi_Hardware/Habibi_Hardware/main/ULP/ulp_main.c.obj

.data
 *(.data)
 *(.data*)
 *(.sdata)
 *(.sdata*)

.bss            0x000008f0       0x14
 *(.bss)
 *(.bss*)
 *(.sbss)
 *(.sbss*)
 .sbss.ledVal   0x000008f0        0x4 CMakeFiles/ulp_app.dir/C_/Users/moham/Habibi_Hardware/Habibi_Hardware/main/ULP/ulp_main.c.obj
                0x000008f0                ledVal
 .sbss.validatedDutyCycle
                0x000008f4        0x4 CMakeFiles/ulp_app.dir/C_/Users/moham/Habibi_Hardware/Habibi_Hardware/main/ULP/ulp_main.c.obj
                0x000008f4                validatedDutyCycle
 .sbss.dataCheckedCount
                0x000008f8        0x4 CMakeFiles/ulp_app.dir/C_/Users/moham/Habibi_Hardware/Habibi_Hardware/main/ULP/ulp_main.c.obj
                0x000008f8                dataCheckedCount
 .sbss.dutyCycle
                0x000008fc        0x4 CMakeFiles/ulp_app.dir/C_/Users/moham/Habibi_Hardware/Habibi_Hardware/main/ULP/ulp_main.c.obj
                0x000008fc                dutyCycle
 .sbss.flags    0x00000900        0x4 CMakeFiles/ulp_app.dir/C_/Users/moham/Habibi_Hardware/Habibi_Hardware/main/ULP/ulp_main.c.obj
                0x00000900                flags
                0x00001000                        __stack_top = (ORIGIN (ram) + LENGTH (ram))
OUTPUT(ulp_app.elf elf32-littleriscv)

.comment        0x00000000       0x2f
 .comment       0x00000000       0x2f CMakeFiles/ulp_app.dir/C_/Users/moham/Habibi_Hardware/Habibi_Hardware/main/ULP/ulp_main.c.obj
                                 0x30 (size before relaxing)
 .comment       0x0000002f       0x30 CMakeFiles/ulp_app.dir/C_/Espressif/frameworks/esp-idf-v5.3.1/components/ulp/ulp_riscv/ulp_core/ulp_riscv_utils.c.obj
 .comment       0x0000002f       0x30 C:/Espressif/tools/riscv32-esp-elf/esp-13.2.0_20240530/riscv32-esp-elf/bin/../lib/gcc/riscv32-esp-elf/13.2.0/rv32imc_zicsr_zifencei/ilp32\libgcc.a(muldf3.o)
 .comment       0x0000002f       0x30 C:/Espressif/tools/riscv32-esp-elf/esp-13.2.0_20240530/riscv32-esp-elf/bin/../lib/gcc/riscv32-esp-elf/13.2.0/rv32imc_zicsr_zifencei/ilp32\libgcc.a(fixunsdfsi.o)
 .comment       0x0000002f       0x30 C:/Espressif/tools/riscv32-esp-elf/esp-13.2.0_20240530/riscv32-esp-elf/bin/../lib/gcc/riscv32-esp-elf/13.2.0/rv32imc_zicsr_zifencei/ilp32\libgcc.a(floatunsidf.o)
 .comment       0x0000002f       0x30 C:/Espressif/tools/riscv32-esp-elf/esp-13.2.0_20240530/riscv32-esp-elf/bin/../lib/gcc/riscv32-esp-elf/13.2.0/rv32imc_zicsr_zifencei/ilp32\libgcc.a(_clzsi2.o)
 .comment       0x0000002f       0x30 C:/Espressif/tools/riscv32-esp-elf/esp-13.2.0_20240530/riscv32-esp-elf/bin/../lib/gcc/riscv32-esp-elf/13.2.0/rv32imc_zicsr_zifencei/ilp32\libgcc.a(_clz.o)

.riscv.attributes
                0x00000000       0x44
 .riscv.attributes
                0x00000000       0x44 CMakeFiles/ulp_app.dir/C_/Users/moham/Habibi_Hardware/Habibi_Hardware/main/ULP/ulp_main.c.obj
 .riscv.attributes
                0x00000044       0x2d CMakeFiles/ulp_app.dir/C_/Espressif/frameworks/esp-idf-v5.3.1/components/ulp/ulp_riscv/ulp_core/ulp_riscv_vectors.S.obj
 .riscv.attributes
                0x00000071       0x2d CMakeFiles/ulp_app.dir/C_/Espressif/frameworks/esp-idf-v5.3.1/components/ulp/ulp_riscv/ulp_core/start.S.obj
 .riscv.attributes
                0x0000009e       0x44 CMakeFiles/ulp_app.dir/C_/Espressif/frameworks/esp-idf-v5.3.1/components/ulp/ulp_riscv/ulp_core/ulp_riscv_utils.c.obj
 .riscv.attributes
                0x000000e2       0x44 C:/Espressif/tools/riscv32-esp-elf/esp-13.2.0_20240530/riscv32-esp-elf/bin/../lib/gcc/riscv32-esp-elf/13.2.0/rv32imc_zicsr_zifencei/ilp32\libgcc.a(muldf3.o)
 .riscv.attributes
                0x00000126       0x44 C:/Espressif/tools/riscv32-esp-elf/esp-13.2.0_20240530/riscv32-esp-elf/bin/../lib/gcc/riscv32-esp-elf/13.2.0/rv32imc_zicsr_zifencei/ilp32\libgcc.a(fixunsdfsi.o)
 .riscv.attributes
                0x0000016a       0x44 C:/Espressif/tools/riscv32-esp-elf/esp-13.2.0_20240530/riscv32-esp-elf/bin/../lib/gcc/riscv32-esp-elf/13.2.0/rv32imc_zicsr_zifencei/ilp32\libgcc.a(floatunsidf.o)
 .riscv.attributes
                0x000001ae       0x44 C:/Espressif/tools/riscv32-esp-elf/esp-13.2.0_20240530/riscv32-esp-elf/bin/../lib/gcc/riscv32-esp-elf/13.2.0/rv32imc_zicsr_zifencei/ilp32\libgcc.a(_clzsi2.o)
 .riscv.attributes
                0x000001f2       0x44 C:/Espressif/tools/riscv32-esp-elf/esp-13.2.0_20240530/riscv32-esp-elf/bin/../lib/gcc/riscv32-esp-elf/13.2.0/rv32imc_zicsr_zifencei/ilp32\libgcc.a(_clz.o)

.debug_info     0x00000000      0xce4
 .debug_info    0x00000000      0x6a4 C:/Espressif/tools/riscv32-esp-elf/esp-13.2.0_20240530/riscv32-esp-elf/bin/../lib/gcc/riscv32-esp-elf/13.2.0/rv32imc_zicsr_zifencei/ilp32\libgcc.a(muldf3.o)
 .debug_info    0x000006a4      0x1ad C:/Espressif/tools/riscv32-esp-elf/esp-13.2.0_20240530/riscv32-esp-elf/bin/../lib/gcc/riscv32-esp-elf/13.2.0/rv32imc_zicsr_zifencei/ilp32\libgcc.a(fixunsdfsi.o)
 .debug_info    0x00000851      0x25d C:/Espressif/tools/riscv32-esp-elf/esp-13.2.0_20240530/riscv32-esp-elf/bin/../lib/gcc/riscv32-esp-elf/13.2.0/rv32imc_zicsr_zifencei/ilp32\libgcc.a(floatunsidf.o)
 .debug_info    0x00000aae      0x150 C:/Espressif/tools/riscv32-esp-elf/esp-13.2.0_20240530/riscv32-esp-elf/bin/../lib/gcc/riscv32-esp-elf/13.2.0/rv32imc_zicsr_zifencei/ilp32\libgcc.a(_clzsi2.o)
 .debug_info    0x00000bfe       0xe6 C:/Espressif/tools/riscv32-esp-elf/esp-13.2.0_20240530/riscv32-esp-elf/bin/../lib/gcc/riscv32-esp-elf/13.2.0/rv32imc_zicsr_zifencei/ilp32\libgcc.a(_clz.o)

.debug_abbrev   0x00000000      0x584
 .debug_abbrev  0x00000000      0x185 C:/Espressif/tools/riscv32-esp-elf/esp-13.2.0_20240530/riscv32-esp-elf/bin/../lib/gcc/riscv32-esp-elf/13.2.0/rv32imc_zicsr_zifencei/ilp32\libgcc.a(muldf3.o)
 .debug_abbrev  0x00000185      0x162 C:/Espressif/tools/riscv32-esp-elf/esp-13.2.0_20240530/riscv32-esp-elf/bin/../lib/gcc/riscv32-esp-elf/13.2.0/rv32imc_zicsr_zifencei/ilp32\libgcc.a(fixunsdfsi.o)
 .debug_abbrev  0x000002e7      0x163 C:/Espressif/tools/riscv32-esp-elf/esp-13.2.0_20240530/riscv32-esp-elf/bin/../lib/gcc/riscv32-esp-elf/13.2.0/rv32imc_zicsr_zifencei/ilp32\libgcc.a(floatunsidf.o)
 .debug_abbrev  0x0000044a       0xca C:/Espressif/tools/riscv32-esp-elf/esp-13.2.0_20240530/riscv32-esp-elf/bin/../lib/gcc/riscv32-esp-elf/13.2.0/rv32imc_zicsr_zifencei/ilp32\libgcc.a(_clzsi2.o)
 .debug_abbrev  0x00000514       0x70 C:/Espressif/tools/riscv32-esp-elf/esp-13.2.0_20240530/riscv32-esp-elf/bin/../lib/gcc/riscv32-esp-elf/13.2.0/rv32imc_zicsr_zifencei/ilp32\libgcc.a(_clz.o)

.debug_loclists
                0x00000000      0x975
 .debug_loclists
                0x00000000      0x7ee C:/Espressif/tools/riscv32-esp-elf/esp-13.2.0_20240530/riscv32-esp-elf/bin/../lib/gcc/riscv32-esp-elf/13.2.0/rv32imc_zicsr_zifencei/ilp32\libgcc.a(muldf3.o)
 .debug_loclists
                0x000007ee       0x90 C:/Espressif/tools/riscv32-esp-elf/esp-13.2.0_20240530/riscv32-esp-elf/bin/../lib/gcc/riscv32-esp-elf/13.2.0/rv32imc_zicsr_zifencei/ilp32\libgcc.a(fixunsdfsi.o)
 .debug_loclists
                0x0000087e       0xb3 C:/Espressif/tools/riscv32-esp-elf/esp-13.2.0_20240530/riscv32-esp-elf/bin/../lib/gcc/riscv32-esp-elf/13.2.0/rv32imc_zicsr_zifencei/ilp32\libgcc.a(floatunsidf.o)
 .debug_loclists
                0x00000931       0x44 C:/Espressif/tools/riscv32-esp-elf/esp-13.2.0_20240530/riscv32-esp-elf/bin/../lib/gcc/riscv32-esp-elf/13.2.0/rv32imc_zicsr_zifencei/ilp32\libgcc.a(_clzsi2.o)

.debug_aranges  0x00000000       0x98
 .debug_aranges
                0x00000000       0x20 C:/Espressif/tools/riscv32-esp-elf/esp-13.2.0_20240530/riscv32-esp-elf/bin/../lib/gcc/riscv32-esp-elf/13.2.0/rv32imc_zicsr_zifencei/ilp32\libgcc.a(muldf3.o)
 .debug_aranges
                0x00000020       0x20 C:/Espressif/tools/riscv32-esp-elf/esp-13.2.0_20240530/riscv32-esp-elf/bin/../lib/gcc/riscv32-esp-elf/13.2.0/rv32imc_zicsr_zifencei/ilp32\libgcc.a(fixunsdfsi.o)
 .debug_aranges
                0x00000040       0x20 C:/Espressif/tools/riscv32-esp-elf/esp-13.2.0_20240530/riscv32-esp-elf/bin/../lib/gcc/riscv32-esp-elf/13.2.0/rv32imc_zicsr_zifencei/ilp32\libgcc.a(floatunsidf.o)
 .debug_aranges
                0x00000060       0x20 C:/Espressif/tools/riscv32-esp-elf/esp-13.2.0_20240530/riscv32-esp-elf/bin/../lib/gcc/riscv32-esp-elf/13.2.0/rv32imc_zicsr_zifencei/ilp32\libgcc.a(_clzsi2.o)
 .debug_aranges
                0x00000080       0x18 C:/Espressif/tools/riscv32-esp-elf/esp-13.2.0_20240530/riscv32-esp-elf/bin/../lib/gcc/riscv32-esp-elf/13.2.0/rv32imc_zicsr_zifencei/ilp32\libgcc.a(_clz.o)

.debug_rnglists
                0x00000000      0x18f
 .debug_rnglists
                0x00000000      0x135 C:/Espressif/tools/riscv32-esp-elf/esp-13.2.0_20240530/riscv32-esp-elf/bin/../lib/gcc/riscv32-esp-elf/13.2.0/rv32imc_zicsr_zifencei/ilp32\libgcc.a(muldf3.o)
 .debug_rnglists
                0x00000135       0x16 C:/Espressif/tools/riscv32-esp-elf/esp-13.2.0_20240530/riscv32-esp-elf/bin/../lib/gcc/riscv32-esp-elf/13.2.0/rv32imc_zicsr_zifencei/ilp32\libgcc.a(fixunsdfsi.o)
 .debug_rnglists
                0x0000014b       0x2e C:/Espressif/tools/riscv32-esp-elf/esp-13.2.0_20240530/riscv32-esp-elf/bin/../lib/gcc/riscv32-esp-elf/13.2.0/rv32imc_zicsr_zifencei/ilp32\libgcc.a(floatunsidf.o)
 .debug_rnglists
                0x00000179       0x16 C:/Espressif/tools/riscv32-esp-elf/esp-13.2.0_20240530/riscv32-esp-elf/bin/../lib/gcc/riscv32-esp-elf/13.2.0/rv32imc_zicsr_zifencei/ilp32\libgcc.a(_clzsi2.o)

.debug_line     0x00000000     0x14b5
 .debug_line    0x00000000      0xfa3 C:/Espressif/tools/riscv32-esp-elf/esp-13.2.0_20240530/riscv32-esp-elf/bin/../lib/gcc/riscv32-esp-elf/13.2.0/rv32imc_zicsr_zifencei/ilp32\libgcc.a(muldf3.o)
 .debug_line    0x00000fa3      0x1bb C:/Espressif/tools/riscv32-esp-elf/esp-13.2.0_20240530/riscv32-esp-elf/bin/../lib/gcc/riscv32-esp-elf/13.2.0/rv32imc_zicsr_zifencei/ilp32\libgcc.a(fixunsdfsi.o)
 .debug_line    0x0000115e      0x239 C:/Espressif/tools/riscv32-esp-elf/esp-13.2.0_20240530/riscv32-esp-elf/bin/../lib/gcc/riscv32-esp-elf/13.2.0/rv32imc_zicsr_zifencei/ilp32\libgcc.a(floatunsidf.o)
 .debug_line    0x00001397       0xdf C:/Espressif/tools/riscv32-esp-elf/esp-13.2.0_20240530/riscv32-esp-elf/bin/../lib/gcc/riscv32-esp-elf/13.2.0/rv32imc_zicsr_zifencei/ilp32\libgcc.a(_clzsi2.o)
 .debug_line    0x00001476       0x3f C:/Espressif/tools/riscv32-esp-elf/esp-13.2.0_20240530/riscv32-esp-elf/bin/../lib/gcc/riscv32-esp-elf/13.2.0/rv32imc_zicsr_zifencei/ilp32\libgcc.a(_clz.o)

.debug_str      0x00000000      0x4c6
 .debug_str     0x00000000      0x4c6 C:/Espressif/tools/riscv32-esp-elf/esp-13.2.0_20240530/riscv32-esp-elf/bin/../lib/gcc/riscv32-esp-elf/13.2.0/rv32imc_zicsr_zifencei/ilp32\libgcc.a(muldf3.o)
                                0x3b7 (size before relaxing)
 .debug_str     0x000004c6      0x1a6 C:/Espressif/tools/riscv32-esp-elf/esp-13.2.0_20240530/riscv32-esp-elf/bin/../lib/gcc/riscv32-esp-elf/13.2.0/rv32imc_zicsr_zifencei/ilp32\libgcc.a(fixunsdfsi.o)
 .debug_str     0x000004c6      0x242 C:/Espressif/tools/riscv32-esp-elf/esp-13.2.0_20240530/riscv32-esp-elf/bin/../lib/gcc/riscv32-esp-elf/13.2.0/rv32imc_zicsr_zifencei/ilp32\libgcc.a(floatunsidf.o)
 .debug_str     0x000004c6      0x1c7 C:/Espressif/tools/riscv32-esp-elf/esp-13.2.0_20240530/riscv32-esp-elf/bin/../lib/gcc/riscv32-esp-elf/13.2.0/rv32imc_zicsr_zifencei/ilp32\libgcc.a(_clzsi2.o)
 .debug_str     0x000004c6      0x1aa C:/Espressif/tools/riscv32-esp-elf/esp-13.2.0_20240530/riscv32-esp-elf/bin/../lib/gcc/riscv32-esp-elf/13.2.0/rv32imc_zicsr_zifencei/ilp32\libgcc.a(_clz.o)

.debug_line_str
                0x00000000      0x30a
 .debug_line_str
                0x00000000      0x30a C:/Espressif/tools/riscv32-esp-elf/esp-13.2.0_20240530/riscv32-esp-elf/bin/../lib/gcc/riscv32-esp-elf/13.2.0/rv32imc_zicsr_zifencei/ilp32\libgcc.a(muldf3.o)
                                0x216 (size before relaxing)
 .debug_line_str
                0x0000030a      0x222 C:/Espressif/tools/riscv32-esp-elf/esp-13.2.0_20240530/riscv32-esp-elf/bin/../lib/gcc/riscv32-esp-elf/13.2.0/rv32imc_zicsr_zifencei/ilp32\libgcc.a(fixunsdfsi.o)
 .debug_line_str
                0x0000030a      0x225 C:/Espressif/tools/riscv32-esp-elf/esp-13.2.0_20240530/riscv32-esp-elf/bin/../lib/gcc/riscv32-esp-elf/13.2.0/rv32imc_zicsr_zifencei/ilp32\libgcc.a(floatunsidf.o)
 .debug_line_str
                0x0000030a      0x200 C:/Espressif/tools/riscv32-esp-elf/esp-13.2.0_20240530/riscv32-esp-elf/bin/../lib/gcc/riscv32-esp-elf/13.2.0/rv32imc_zicsr_zifencei/ilp32\libgcc.a(_clzsi2.o)
 .debug_line_str
                0x0000030a      0x200 C:/Espressif/tools/riscv32-esp-elf/esp-13.2.0_20240530/riscv32-esp-elf/bin/../lib/gcc/riscv32-esp-elf/13.2.0/rv32imc_zicsr_zifencei/ilp32\libgcc.a(_clz.o)

.debug_frame    0x00000000       0xc8
 .debug_frame   0x00000000       0x54 C:/Espressif/tools/riscv32-esp-elf/esp-13.2.0_20240530/riscv32-esp-elf/bin/../lib/gcc/riscv32-esp-elf/13.2.0/rv32imc_zicsr_zifencei/ilp32\libgcc.a(muldf3.o)
 .debug_frame   0x00000054       0x20 C:/Espressif/tools/riscv32-esp-elf/esp-13.2.0_20240530/riscv32-esp-elf/bin/../lib/gcc/riscv32-esp-elf/13.2.0/rv32imc_zicsr_zifencei/ilp32\libgcc.a(fixunsdfsi.o)
 .debug_frame   0x00000074       0x34 C:/Espressif/tools/riscv32-esp-elf/esp-13.2.0_20240530/riscv32-esp-elf/bin/../lib/gcc/riscv32-esp-elf/13.2.0/rv32imc_zicsr_zifencei/ilp32\libgcc.a(floatunsidf.o)
 .debug_frame   0x000000a8       0x20 C:/Espressif/tools/riscv32-esp-elf/esp-13.2.0_20240530/riscv32-esp-elf/bin/../lib/gcc/riscv32-esp-elf/13.2.0/rv32imc_zicsr_zifencei/ilp32\libgcc.a(_clzsi2.o)
